2026-08-19 16:23:39 Arduino IDE 2.3.8
2026-08-19 16:23:39 Checking for frontend application configuration customizations. Module path: /tmp/.mount_arduinfCPGiq/resources/app/lib/backend/electron-main.js, destination 'package.json': /tmp/.mount_arduinfCPGiq/resources/app/package.json
2026-08-19 16:23:40 Setting 'theia.frontend.config.appVersion' application configuration value to: "2.3.8" (type of string)
2026-08-19 16:23:40 Setting 'theia.frontend.config.cliVersion' application configuration value to: "1.4.1" (type of string)
2026-08-19 16:23:40 Setting 'theia.frontend.config.buildDate' application configuration value to: "2026-02-25T15:15:50.003Z" (type of string)
2026-08-19 16:23:40 Frontend application configuration after modifications: {"applicationName":"Arduino IDE","defaultTheme":{"light":"arduino-theme","dark":"arduino-theme-dark"},"defaultIconTheme":"none","electron":{"windowOptions":{},"showWindowEarly":true,"splashScreenOptions":{},"uriScheme":"arduino-ide"},"defaultLocale":"","validatePreferencesSchema":false,"reloadOnReconnect":true,"uriScheme":"theia","preferences":{"window.title":"${rootName}${activeEditorShort}${appName}","files.autoSave":"afterDelay","editor.minimap.enabled":false,"editor.tabSize":2,"editor.scrollBeyondLastLine":false,"editor.quickSuggestions":{"other":false,"comments":false,"strings":false},"editor.maxTokenizationLineLength":500,"editor.bracketPairColorization.enabled":false,"breadcrumbs.enabled":false,"workbench.tree.renderIndentGuides":"none","explorer.compactFolders":false},"appVersion":"2.3.8","cliVersion":"1.4.1","buildDate":"2026-02-25T15:15:50.003Z"}
2026-08-19 16:23:40 Starting backend process. PID: 84564
2026-08-19 16:23:40 Showing main window early
2026-08-19 16:23:40 Using browser-only version of superagent in non-browser environment
2026-08-19 16:23:40 Configuration directory URI: 'file:///home/raj/.arduinoIDE'
2026-08-19 16:23:40 Configuring to accept webviews on '^.+\.webview\..+$' hostname.
2026-08-19 16:23:40 2026-08-19T10:53:40.938Z root WARN Backend u.initialize took longer than the expected maximum 50 milliseconds: 58.6 ms [Finished 0.759 s after backend start]
2026-08-19 16:23:40 2026-08-19T10:53:40.943Z root WARN Backend Object.initialize took longer than the expected maximum 50 milliseconds: 57.3 ms [Finished 0.759 s after backend start]
2026-08-19 16:23:40 2026-08-19T10:53:40.943Z root INFO Backend a.initialize: 1.3 ms [Finished 0.759 s after backend start]
2026-08-19 16:23:40 2026-08-19T10:53:40.943Z root INFO Backend a.initialize: 1.0 ms [Finished 0.759 s after backend start]
2026-08-19 16:23:40 2026-08-19T10:53:40.943Z root INFO Backend u.initialize: 1.3 ms [Finished 0.760 s after backend start]
2026-08-19 16:23:40 2026-08-19T10:53:40.945Z root WARN Backend l.initialize took longer than the expected maximum 50 milliseconds: 58.7 ms [Finished 0.761 s after backend start]
2026-08-19 16:23:40 2026-08-19T10:53:40.951Z root INFO configured all backend app contributions
2026-08-19 16:23:40 2026-08-19T10:53:40.952Z root INFO Backend l.onStart: 1.4 ms [Finished 0.774 s after backend start]
2026-08-19 16:23:40 2026-08-19T10:53:40.952Z root INFO Backend d.onStart: 0.2 ms [Finished 0.774 s after backend start]
2026-08-19 16:23:40 2026-08-19T10:53:40.952Z root INFO Backend a.onStart: 0.3 ms [Finished 0.774 s after backend start]
2026-08-19 16:23:40 2026-08-19T10:53:40.953Z config INFO >>> Initializing CLI configuration...
2026-08-19 16:23:40 2026-08-19T10:53:40.953Z root INFO Backend x.onStart: 0.3 ms [Finished 0.775 s after backend start]
2026-08-19 16:23:40 2026-08-19T10:53:40.953Z config INFO Loading CLI configuration from /home/raj/.arduinoIDE/arduino-cli.yaml...
2026-08-19 16:23:40 2026-08-19T10:53:40.953Z daemon INFO Starting daemon from /tmp/.mount_arduinfCPGiq/resources/app/lib/backend/resources/arduino-cli...
2026-08-19 16:23:40 2026-08-19T10:53:40.953Z root INFO Backend w.onStart: 0.3 ms [Finished 0.775 s after backend start]
2026-08-19 16:23:40 2026-08-19T10:53:40.953Z discovery-log INFO start
2026-08-19 16:23:40 2026-08-19T10:53:40.953Z discovery-log INFO start new deferred
2026-08-19 16:23:40 2026-08-19T10:53:40.953Z root INFO Backend v.onStart: 0.2 ms [Finished 0.775 s after backend start]
2026-08-19 16:23:40 2026-08-19T10:53:40.953Z root INFO Backend a.onStart: 0.1 ms [Finished 0.775 s after backend start]
2026-08-19 16:23:40 2026-08-19T10:53:40.956Z root INFO Theia app listening on http://127.0.0.1:40301.
2026-08-19 16:23:40 2026-08-19T10:53:40.956Z root INFO Finished starting backend application: 2.9 ms [Finished 0.778 s after backend start]
2026-08-19 16:23:40 Restoring workspace roots: /home/raj/Arduino/sketch_aug14b
2026-08-19 16:23:40 2026-08-19T10:53:40.958Z root WARN The local plugin referenced by local-dir:/home/raj/.arduinoIDE/plugins does not exist.
2026-08-19 16:23:40 2026-08-19T10:53:40.958Z root WARN The local plugin referenced by local-dir:/home/raj/.arduinoIDE/deployedPlugins does not exist.
2026-08-19 16:23:40 isTempSketch: false. Input was /home/raj/Arduino/sketch_aug14b/sketch_aug14b.ino
2026-08-19 16:23:41 2026-08-19T10:53:40.980Z config INFO Loaded CLI configuration: {"board_manager":{"additional_urls":[]}}
2026-08-19 16:23:41 2026-08-19T10:53:40.980Z config INFO Loading fallback CLI configuration to get 'directories.data' and 'directories.user'
2026-08-19 16:23:41 2026-08-19T10:53:41.119Z root INFO Resolve plugins list: 164.3 ms [Finished 0.941 s after backend start]
2026-08-19 16:23:41 2026-08-19T10:53:41.289Z daemon INFO time="2026-08-19T16:23:41+05:30" level=info msg="arduino-cli version 1.4.1"
2026-08-19 16:23:41 2026-08-19T10:53:41.301Z daemon INFO time="2026-08-19T16:23:41+05:30" level=info msg="Using config file: /home/raj/.arduinoIDE/arduino-cli.yaml"
2026-08-19 16:23:41 2026-08-19T10:53:41.301Z daemon INFO time="2026-08-19T16:23:41+05:30" level=info msg="Executing `arduino-cli daemon`"
2026-08-19 16:23:41 2026-08-19T10:53:41.306Z config INFO Loaded fallback CLI configuration: {"directories":{"user":"/home/raj/Arduino","data":"/home/raj/.arduino15"}}
2026-08-19 16:23:41 2026-08-19T10:53:41.306Z config INFO Merged CLI configuration with the fallback: {"directories":{"user":"/home/raj/Arduino","data":"/home/raj/.arduino15"},"board_manager":{"additional_urls":[]}}
2026-08-19 16:23:41 2026-08-19T10:53:41.306Z config INFO Loaded the CLI configuration.
2026-08-19 16:23:41 2026-08-19T10:53:41.323Z daemon INFO Daemon is now listening on 127.0.0.1:37935
{"IP":"127.0.0.1","Port":"37935"}
2026-08-19 16:23:41 2026-08-19T10:53:41.323Z daemon INFO Daemon is running.
2026-08-19 16:23:41 2026-08-19T10:53:41.337Z config INFO Mapped the CLI configuration: {"dataDirUri":"file:///home/raj/.arduino15","sketchDirUri":"file:///home/raj/Arduino","additionalUrls":[],"network":"none","locale":"en"}
2026-08-19 16:23:41 2026-08-19T10:53:41.337Z config INFO Validating the CLI configuration...
2026-08-19 16:23:41 2026-08-19T10:53:41.352Z config INFO The CLI config is valid.
2026-08-19 16:23:41 2026-08-19T10:53:41.352Z config INFO <<< Initialized the CLI configuration.
2026-08-19 16:23:41 2026-08-19T10:53:41.418Z daemon INFO time="2026-08-19T16:23:41+05:30" level=info msg="Checking signature" index=/home/raj/.arduino15/package_index.json signatureFile=/home/raj/.arduino15/package_index.json.sig trusted=true
time="2026-08-19T16:23:41+05:30" level=info msg="Loading hardware from: /home/raj/.arduino15/packages"
2026-08-19 16:23:41 2026-08-19T10:53:41.419Z daemon INFO time="2026-08-19T16:23:41+05:30" level=info msg="Loading package arduino from: /home/raj/.arduino15/packages/arduino/hardware"
2026-08-19 16:23:41 2026-08-19T10:53:41.436Z daemon INFO time="2026-08-19T16:23:41+05:30" level=info msg="Missing signature file" index=/home/raj/.arduino15/packages/arduino/hardware/avr/1.8.8/installed.json
time="2026-08-19T16:23:41+05:30" level=info msg="Adding monitor tool" protocol=serial tool="builtin:serial-monitor"
time="2026-08-19T16:23:41+05:30" level=info msg="Loaded platform" platform="arduino:avr@1.8.8"
time="2026-08-19T16:23:41+05:30" level=info msg="Checking existence of 'tools' path: /home/raj/.arduino15/packages/arduino/tools"
time="2026-08-19T16:23:41+05:30" level=info msg="Loading tools from dir: /home/raj/.arduino15/packages/arduino/tools"
time="2026-08-19T16:23:41+05:30" level=info msg="Loaded tool" tool="arduino:arduinoOTA@1.3.0"
time="2026-08-19T16:23:41+05:30" level=info msg="Loaded tool" tool="arduino:avr-gcc@7.3.0-atmel3.6.1-arduino7"
time="2026-08-19T16:23:41+05:30" level=info msg="Loaded tool" tool="arduino:avrdude@8.0.0-arduino1"
time="2026-08-19T16:23:41+05:30" level=info msg="Loading package builtin from: /home/raj/.arduino15/packages/builtin"
time="2026-08-19T16:23:41+05:30" level=info msg="Checking existence of 'tools' path: /home/raj/.arduino15/packages/builtin/tools"
time="2026-08-19T16:23:41+05:30" level=info msg="Loading tools from dir: /home/raj/.arduino15/packages/builtin/tools"
time="2026-08-19T16:23:41+05:30" level=info msg="Loaded tool" tool="builtin:ctags@5.8-arduino11"
time="2026-08-19T16:23:41+05:30" level=info msg="Loaded tool" tool="builtin:dfu-discovery@0.1.2"
time="2026-08-19T16:23:41+05:30" level=info msg="Loaded tool" tool="builtin:mdns-discovery@1.0.12"
time="2026-08-19T16:23:41+05:30" level=info msg="Loaded tool" tool="builtin:mdns-discovery@1.1.0"
time="2026-08-19T16:23:41+05:30" level=info msg="Loaded tool" tool="builtin:serial-discovery@1.4.3"
time="2026-08-19T16:23:41+05:30" level=info msg="Loaded tool" tool="builtin:serial-discovery@1.5.2"
time="2026-08-19T16:23:41+05:30" level=info msg="Loaded tool" tool="builtin:serial-monitor@0.15.0"
time="2026-08-19T16:23:41+05:30" level=info msg="Adding libraries dir" dir=/home/raj/.arduino15/packages/arduino/hardware/avr/1.8.8/libraries isSingleLibrary=false location=platform
time="2026-08-19T16:23:41+05:30" level=info msg="Loading libraries index file" index=/home/raj/.arduino15/library_index.json
2026-08-19 16:23:41 2026-08-19T10:53:41.858Z daemon INFO time="2026-08-19T16:23:41+05:30" level=info msg="Adding libraries dir" dir=/home/raj/.arduino15/libraries isSingleLibrary=false location=ide
time="2026-08-19T16:23:41+05:30" level=info msg="Adding libraries dir" dir=/home/raj/Arduino/libraries isSingleLibrary=false location=user
2026-08-19 16:23:41 2026-08-19T10:53:41.862Z discovery-log INFO start resolved watching
2026-08-19 16:23:41 2026-08-19T10:53:41.896Z discovery-log INFO {"eventType":"add","port":{"matchingBoardsList":[],"port":{"address":"/dev/ttyS4","label":"/dev/ttyS4","protocol":"serial","protocolLabel":"Serial Port","propertiesMap":[],"hardwareId":""}},"error":""}
2026-08-19 16:23:41 2026-08-19T10:53:41.896Z discovery-log INFO {"eventType":"add","port":{"matchingBoardsList":[],"port":{"address":"/dev/ttyS5","label":"/dev/ttyS5","protocol":"serial","protocolLabel":"Serial Port","propertiesMap":[],"hardwareId":""}},"error":""}
2026-08-19 16:23:42 2026-08-19T10:53:42.023Z root INFO Deploy plugins list: 1069.0 ms [Finished 1.845 s after backend start]
2026-08-19 16:23:42 2026-08-19T10:53:42.440Z root INFO creating connection for 1
2026-08-19 16:23:43 2026-08-19T10:53:43.322Z root WARN A command editor.action.toggleStickyScroll is already registered.
2026-08-19 16:23:43 2026-08-19T10:53:43.355Z sketches-service WARN Warning! The request sketch path was different than the response sketch path from the CLI. This could be a potential bug. Request: </home/raj/Arduino/sketch_aug14b/sketch_aug14b.ino>, response: </home/raj/Arduino/sketch_aug14b>.
2026-08-19 16:23:43 Opening channel for service path '/services/electron-window'.
2026-08-19 16:23:43 Opening channel for service path '/services/ide-updater'.
2026-08-19 16:23:43 2026-08-19T10:53:43.448Z root INFO Start frontend contributions: 329.7 ms [Finished 2.457 s after frontend start]
2026-08-19 16:23:43 2026-08-19T10:53:43.448Z root INFO Changed application state from 'init' to 'started_contributions'.
2026-08-19 16:23:43 2026-08-19T10:53:43.462Z root INFO Changed application state from 'started_contributions' to 'attached_shell'.
2026-08-19 16:23:43 2026-08-19T10:53:43.462Z root INFO >>> Restoring the layout state...
2026-08-19 16:23:43 2026-08-19T10:53:43.504Z root INFO [b7d3b1a2-7101-45eb-b5b8-90dd5fdd7c9e] Waiting for backend deployment: 76.1 ms [Finished 2.528 s after frontend start]
2026-08-19 16:23:44 2026-08-19T10:53:44.051Z root INFO [hosted-plugin: 84701] PLUGIN_HOST(84701) starting instance
[Object: null prototype] {}
2026-08-19 16:23:44 2026-08-19T10:53:44.652Z root INFO [b7d3b1a2-7101-45eb-b5b8-90dd5fdd7c9e] Sync of 23 plugins: 1151.8 ms [Finished 3.680 s after frontend start]
2026-08-19 16:23:44 2026-08-19T10:53:44.681Z root INFO ------- SERIALIZED LAYOUT DATA -------
2026-08-19 16:23:44 2026-08-19T10:53:44.681Z root INFO {"version":5,"mainPanel":{"main":{"type":"tab-area","widgets":[{"constructionOptions":{"factoryId":"code-editor-opener","options":{"counter":0,"kind":"navigatable","uri":"file:///home/raj/Arduino/sketch_aug14b/sketch_aug14b.ino"}},"innerWidgetState":"{\"cursorState\":[{\"inSelectionMode\":false,\"selectionStart\":{\"lineNumber\":96,\"column\":5},\"position\":{\"lineNumber\":96,\"column\":5}}],\"viewState\":{\"scrollLeft\":0,\"firstPosition\":{\"lineNumber\":85,\"column\":1},\"firstPositionDeltaTop\":-2},\"contributionsState\":{\"editor.contrib.folding\":{\"lineCount\":98,\"provider\":\"indent\",\"foldedImports\":false},\"editor.contrib.wordHighlighter\":false}}"}],"currentIndex":0}},"mainPanelPinned":[false],"bottomPanel":{"config":{"main":{"type":"tab-area","widgets":[{"constructionOptions":{"factoryId":"outputView"},"innerWidgetState":"{\"locked\":false}"},{"constructionOptions":{"factoryId":"serial-monitor"}}],"currentIndex":1}},"pinned":[false,false],"size":183,"expanded":true},"leftPanel":{"type":"sidepanel","items":[{"widget":{"constructionOptions":{"factoryId":"arduino-sketchbook-widget"}},"rank":1,"expanded":false,"pinned":false},{"widget":{"constructionOptions":{"factoryId":"boards-list-widget"}},"rank":2,"expanded":false,"pinned":false},{"widget":{"constructionOptions":{"factoryId":"library-list-widget"}},"rank":3,"expanded":false,"pinned":false},{"widget":{"constructionOptions":{"factoryId":"debug"},"innerWidgetState":"{\"parts\":[{\"widget\":{\"constructionOptions\":{\"factoryId\":\"debug:threads\"},\"innerWidgetState\":\"{}\"},\"partId\":\"debug:threads:-1\",\"collapsed\":false,\"hidden\":false,\"originalContainerId\":\"debug:view-container:-1\",\"originalContainerTitle\":{\"label\":\"debug\",\"iconClass\":\"codicon codicon-debug-alt\",\"closeable\":true}},{\"widget\":{\"constructionOptions\":{\"factoryId\":\"debug:frames\"},\"innerWidgetState\":\"{}\"},\"partId\":\"debug:frames:-1\",\"collapsed\":false,\"hidden\":false,\"originalContainerId\":\"debug:view-container:-1\",\"originalContainerTitle\":{\"label\":\"debug\",\"iconClass\":\"codicon codicon-debug-alt\",\"closeable\":true}},{\"widget\":{\"constructionOptions\":{\"factoryId\":\"debug:variables\"},\"innerWidgetState\":\"{}\"},\"partId\":\"debug:variables:-1\",\"collapsed\":false,\"hidden\":false,\"originalContainerId\":\"debug:view-container:-1\",\"originalContainerTitle\":{\"label\":\"debug\",\"iconClass\":\"codicon codicon-debug-alt\",\"closeable\":true}},{\"widget\":{\"constructionOptions\":{\"factoryId\":\"debug:watch\"},\"innerWidgetState\":\"{}\"},\"partId\":\"debug:watch:-1\",\"collapsed\":false,\"hidden\":false,\"originalContainerId\":\"debug:view-container:-1\",\"originalContainerTitle\":{\"label\":\"debug\",\"iconClass\":\"codicon codicon-debug-alt\",\"closeable\":true}},{\"widget\":{\"constructionOptions\":{\"factoryId\":\"debug:breakpoints\"},\"innerWidgetState\":\"{}\"},\"partId\":\"debug:breakpoints:-1\",\"collapsed\":false,\"hidden\":false,\"originalContainerId\":\"debug:view-container:-1\",\"originalContainerTitle\":{\"label\":\"debug\",\"iconClass\":\"codicon codicon-debug-alt\",\"closeable\":true}},{\"widget\":{\"constructionOptions\":{\"factoryId\":\"plugin-view\",\"options\":{\"id\":\"plugin-view:cortex-debug.peripherals\",\"viewId\":\"cortex-debug.peripherals\"}},\"innerWidgetState\":\"{\\\"label\\\":\\\"Cortex Peripherals\\\",\\\"widgets\\\":[],\\\"suppressUpdateViewVisibility\\\":false,\\\"currentViewContainerId\\\":\\\"debug\\\"}\"},\"partId\":\"plugin-view:cortex-debug.peripherals\",\"collapsed\":true,\"hidden\":true,\"originalContainerId\":\"debug:view-container:-1\",\"originalContainerTitle\":{\"label\":\"debug\",\"iconClass\":\"codicon codicon-debug-alt\",\"closeable\":true}},{\"widget\":{\"constructionOptions\":{\"factoryId\":\"plugin-view\",\"options\":{\"id\":\"plugin-view:cortex-debug.registers\",\"viewId\":\"cortex-debug.registers\"}},\"innerWidgetState\":\"{\\\"label\\\":\\\"Cortex Registers\\\",\\\"widgets\\\":[],\\\"suppressUpdateViewVisibility\\\":false,\\\"currentViewContainerId\\\":\\\"debug\\\"}\"},\"partId\":\"plugin-view:cortex-debug.registers\",\"collapsed\":true,\"hidden\":true,\"originalContainerId\":\"debug:view-container:-1\",\"originalContainerTitle\":{\"label\":\"debug\",\"iconClass\":\"codicon codicon-debug-alt\",\"closeable\":true}}],\"title\":{\"label\":\"debug\",\"iconClass\":\"codicon codicon-debug-alt\",\"closeable\":true}}"},"rank":4,"expanded":false,"pinned":false},{"widget":{"constructionOptions":{"factoryId":"search-view-container"},"innerWidgetState":"{\"parts\":[{\"widget\":{\"constructionOptions\":{\"factoryId\":\"search-in-workspace\"},\"innerWidgetState\":\"{\\\"matchCaseState\\\":{\\\"className\\\":\\\"codicon codicon-case-sensitive\\\",\\\"enabled\\\":false,\\\"title\\\":\\\"Match Case\\\"},\\\"wholeWordState\\\":{\\\"className\\\":\\\"codicon codicon-whole-word\\\",\\\"enabled\\\":false,\\\"title\\\":\\\"Match Whole Word\\\"},\\\"regExpState\\\":{\\\"className\\\":\\\"codicon codicon-regex\\\",\\\"enabled\\\":false,\\\"title\\\":\\\"Use Regular Expression\\\"},\\\"includeIgnoredState\\\":{\\\"className\\\":\\\"codicon codicon-eye\\\",\\\"enabled\\\":false,\\\"title\\\":\\\"Include Ignored Files\\\"},\\\"showSearchDetails\\\":false,\\\"searchInWorkspaceOptions\\\":{\\\"matchCase\\\":false,\\\"matchWholeWord\\\":false,\\\"useRegExp\\\":false,\\\"multiline\\\":false,\\\"includeIgnored\\\":false,\\\"include\\\":[],\\\"exclude\\\":[],\\\"maxResults\\\":2000},\\\"searchTerm\\\":\\\"\\\",\\\"replaceTerm\\\":\\\"\\\",\\\"showReplaceField\\\":false,\\\"searchHistoryState\\\":{\\\"history\\\":[],\\\"index\\\":0},\\\"replaceHistoryState\\\":{\\\"history\\\":[],\\\"index\\\":0},\\\"includeHistoryState\\\":{\\\"history\\\":[],\\\"index\\\":0},\\\"excludeHistoryState\\\":{\\\"history\\\":[],\\\"index\\\":0}}\"},\"partId\":\"search-in-workspace\",\"collapsed\":false,\"hidden\":false,\"originalContainerId\":\"search-view-container\",\"originalContainerTitle\":{\"label\":\"Search\",\"iconClass\":\"codicon codicon-search\",\"closeable\":true}}],\"title\":{\"label\":\"Search\",\"iconClass\":\"fa fa-arduino-search\",\"closeable\":true}}"},"rank":5,"expanded":false,"pinned":false}]},"rightPanel":{"type":"sidepanel","items":[]},"activeWidgetId":"serial-monitor"}
2026-08-19 16:23:44 2026-08-19T10:53:44.681Z root INFO ------- END SERIALIZED LAYOUT DATA -------
2026-08-19 16:23:45 2026-08-19T10:53:45.071Z root INFO <<< The layout has been successfully restored.
2026-08-19 16:23:45 2026-08-19T10:53:45.144Z root INFO Initialize the workbench layout: 1609.4 ms [Finished 4.100 s after frontend start]
2026-08-19 16:23:45 2026-08-19T10:53:45.144Z root INFO Changed application state from 'attached_shell' to 'initialized_layout'.
2026-08-19 16:23:45 2026-08-19T10:53:45.146Z root INFO [b7d3b1a2-7101-45eb-b5b8-90dd5fdd7c9e] Loading plugin contributions
2026-08-19 16:23:45 2026-08-19T10:53:45.146Z root INFO [b7d3b1a2-7101-45eb-b5b8-90dd5fdd7c9e] Load contributions of 23 plugins: 69.7 ms [Finished 4.171 s after frontend start]
2026-08-19 16:23:45 2026-08-19T10:53:45.210Z root WARN 'cpp' language is remapped from 'source.cpp.embedded.macro' to 'source.cpp' scope
2026-08-19 16:23:45 2026-08-19T10:53:45.210Z root WARN a registered grammar configuration for 'cpp' language is overridden
2026-08-19 16:23:45 2026-08-19T10:53:45.537Z root ERROR [hosted-plugin: 84701] Conflict in settings file Default: Ignoring cortex-debug.armToolchainPath.linux as cortex-debug.armToolchainPath is null
2026-08-19 16:23:45 2026-08-19T10:53:45.537Z root ERROR [hosted-plugin: 84701] Conflict in settings file Default: Ignoring cortex-debug.armToolchainPath.osx as cortex-debug.armToolchainPath is null
Conflict in settings file Default: Ignoring cortex-debug.armToolchainPath.windows as cortex-debug.armToolchainPath is null
Conflict in settings file Default: Ignoring cortex-debug.JLinkGDBServerPath.linux as cortex-debug.JLinkGDBServerPath is null
Conflict in settings file Default: Ignoring cortex-debug.JLinkGDBServerPath.osx as cortex-debug.JLinkGDBServerPath is null
Conflict in settings file Default: Ignoring cortex-debug.JLinkGDBServerPath.windows as cortex-debug.JLinkGDBServerPath is null
Conflict in settings file Default: Ignoring cortex-debug.openocdPath.linux as cortex-debug.openocdPath is null
Conflict in settings file Default: Ignoring cortex-debug.openocdPath.osx as cortex-debug.openocdPath is null
Conflict in settings file Default: Ignoring cortex-debug.openocdPath.windows as cortex-debug.openocdPath is null
Conflict in settings file Default: Ignoring cortex-debug.pyocdPath.linux as cortex-debug.pyocdPath is null
Conflict in settings file Default: Ignoring cortex-debug.pyocdPath.osx as cortex-debug.pyocdPath is null
Conflict in settings file Default: Ignoring cortex-debug.pyocdPath.windows as cortex-debug.pyocdPath is null
Conflict in settings file Default: Ignoring cortex-debug.PEGDBServerPath.linux as cortex-debug.PEGDBServerPath is null
Conflict in settings file Default: Ignoring cortex-debug.PEGDBServerPath.osx as cortex-debug.PEGDBServerPath is null
Conflict in settings file Default: Ignoring cortex-debug.PEGDBServerPath.windows as cortex-debug.PEGDBServerPath is null
Conflict in settings file Default: Ignoring cortex-debug.stutilPath.linux as cortex-debug.stutilPath is null
Conflict in settings file Default: Ignoring cortex-debug.stutilPath.osx as cortex-debug.stutilPath is null
Conflict in settings file Default: Ignoring cortex-debug.stutilPath.windows as cortex-debug.stutilPath is null
Conflict in settings file Default: Ignoring cortex-debug.stlinkPath.linux as cortex-debug.stlinkPath is null
Conflict in settings file Default: Ignoring cortex-debug.stlinkPath.osx as cortex-debug.stlinkPath is null
Conflict in settings file Default: Ignoring cortex-debug.stlinkPath.windows as cortex-debug.stlinkPath is null
2026-08-19 16:23:45 2026-08-19T10:53:45.537Z root ERROR [hosted-plugin: 84701] Conflict in settings file Default: Ignoring cortex-debug.stm32cubeprogrammer.linux as cortex-debug.stm32cubeprogrammer is null
Conflict in settings file Default: Ignoring cortex-debug.stm32cubeprogrammer.osx as cortex-debug.stm32cubeprogrammer is null
Conflict in settings file Default: Ignoring cortex-debug.stm32cubeprogrammer.windows as cortex-debug.stm32cubeprogrammer is null
2026-08-19 16:23:45 2026-08-19T10:53:45.547Z root INFO [hosted-plugin: 84701] PLUGIN_HOST(84701): PluginManagerExtImpl/init()
2026-08-19 16:23:45 2026-08-19T10:53:45.549Z root INFO [hosted-plugin: 84701] PLUGIN_HOST(84701): initializing(vscode-arduino-api@0.1.2 with /tmp/.mount_arduinfCPGiq/resources/app/lib/backend/plugin-vscode-init)
2026-08-19 16:23:45 2026-08-19T10:53:45.615Z root INFO [hosted-plugin: 84701] PLUGIN_HOST(84701): initializing(json-language-features@1.88.1 with /tmp/.mount_arduinfCPGiq/resources/app/lib/backend/plugin-vscode-init)
2026-08-19 16:23:45 2026-08-19T10:53:45.620Z root INFO [hosted-plugin: 84701] PLUGIN_HOST(84701): initializing(cortex-debug@1.5.1 with /tmp/.mount_arduinfCPGiq/resources/app/lib/backend/plugin-vscode-init)
2026-08-19 16:23:45 2026-08-19T10:53:45.621Z root INFO [hosted-plugin: 84701] Debugger contribution has been registered: cortex-debug
2026-08-19 16:23:45 2026-08-19T10:53:45.622Z root INFO [hosted-plugin: 84701] PLUGIN_HOST(84701): initializing(vscode-arduino-tools@0.1.3 with /tmp/.mount_arduinfCPGiq/resources/app/lib/backend/plugin-vscode-init)
2026-08-19 16:23:45 2026-08-19T10:53:45.623Z root INFO [hosted-plugin: 84701] PLUGIN_HOST(84701): initializing(cpp@1.88.1 with /tmp/.mount_arduinfCPGiq/resources/app/lib/backend/plugin-vscode-init)
2026-08-19 16:23:45 2026-08-19T10:53:45.625Z root INFO [hosted-plugin: 84701] PLUGIN_HOST(84701): initializing(json@1.88.1 with /tmp/.mount_arduinfCPGiq/resources/app/lib/backend/plugin-vscode-init)
2026-08-19 16:23:45 2026-08-19T10:53:45.628Z root INFO [hosted-plugin: 84701] PLUGIN_HOST(84701): initializing(vscode-language-pack-bg@1.48.3 with /tmp/.mount_arduinfCPGiq/resources/app/lib/backend/plugin-vscode-init)
2026-08-19 16:23:45 2026-08-19T10:53:45.629Z root INFO [hosted-plugin: 84701] PLUGIN_HOST(84701): initializing(vscode-language-pack-cs@1.96.0 with /tmp/.mount_arduinfCPGiq/resources/app/lib/backend/plugin-vscode-init)
2026-08-19 16:23:45 2026-08-19T10:53:45.629Z root INFO [hosted-plugin: 84701] PLUGIN_HOST(84701): initializing(vscode-language-pack-de@1.96.0 with /tmp/.mount_arduinfCPGiq/resources/app/lib/backend/plugin-vscode-init)
2026-08-19 16:23:45 2026-08-19T10:53:45.630Z root INFO [hosted-plugin: 84701] PLUGIN_HOST(84701): initializing(vscode-language-pack-es@1.96.0 with /tmp/.mount_arduinfCPGiq/resources/app/lib/backend/plugin-vscode-init)
2026-08-19 16:23:45 2026-08-19T10:53:45.630Z root INFO [hosted-plugin: 84701] PLUGIN_HOST(84701): initializing(vscode-language-pack-fr@1.96.0 with /tmp/.mount_arduinfCPGiq/resources/app/lib/backend/plugin-vscode-init)
2026-08-19 16:23:45 2026-08-19T10:53:45.631Z root INFO [hosted-plugin: 84701] PLUGIN_HOST(84701): initializing(vscode-language-pack-hu@1.48.3 with /tmp/.mount_arduinfCPGiq/resources/app/lib/backend/plugin-vscode-init)
2026-08-19 16:23:45 2026-08-19T10:53:45.631Z root INFO [hosted-plugin: 84701] PLUGIN_HOST(84701): initializing(vscode-language-pack-it@1.96.0 with /tmp/.mount_arduinfCPGiq/resources/app/lib/backend/plugin-vscode-init)
2026-08-19 16:23:45 2026-08-19T10:53:45.631Z root INFO [hosted-plugin: 84701] PLUGIN_HOST(84701): initializing(vscode-language-pack-ja@1.96.0 with /tmp/.mount_arduinfCPGiq/resources/app/lib/backend/plugin-vscode-init)
2026-08-19 16:23:45 2026-08-19T10:53:45.632Z root INFO [hosted-plugin: 84701] PLUGIN_HOST(84701): initializing(vscode-language-pack-ko@1.96.0 with /tmp/.mount_arduinfCPGiq/resources/app/lib/backend/plugin-vscode-init)
2026-08-19 16:23:45 2026-08-19T10:53:45.632Z root INFO [hosted-plugin: 84701] PLUGIN_HOST(84701): initializing(vscode-language-pack-nl@1.48.3 with /tmp/.mount_arduinfCPGiq/resources/app/lib/backend/plugin-vscode-init)
2026-08-19 16:23:45 2026-08-19T10:53:45.632Z root INFO [hosted-plugin: 84701] PLUGIN_HOST(84701): initializing(vscode-language-pack-pl@1.96.0 with /tmp/.mount_arduinfCPGiq/resources/app/lib/backend/plugin-vscode-init)
2026-08-19 16:23:45 2026-08-19T10:53:45.632Z root INFO [hosted-plugin: 84701] PLUGIN_HOST(84701): initializing(vscode-language-pack-pt-BR@1.96.0 with /tmp/.mount_arduinfCPGiq/resources/app/lib/backend/plugin-vscode-init)
2026-08-19 16:23:45 2026-08-19T10:53:45.632Z root INFO [hosted-plugin: 84701] PLUGIN_HOST(84701): initializing(vscode-language-pack-ru@1.96.0 with /tmp/.mount_arduinfCPGiq/resources/app/lib/backend/plugin-vscode-init)
2026-08-19 16:23:45 2026-08-19T10:53:45.633Z root INFO [hosted-plugin: 84701] PLUGIN_HOST(84701): initializing(vscode-language-pack-tr@1.96.0 with /tmp/.mount_arduinfCPGiq/resources/app/lib/backend/plugin-vscode-init)
2026-08-19 16:23:45 2026-08-19T10:53:45.633Z root INFO [hosted-plugin: 84701] PLUGIN_HOST(84701): initializing(vscode-language-pack-uk@1.48.3 with /tmp/.mount_arduinfCPGiq/resources/app/lib/backend/plugin-vscode-init)
2026-08-19 16:23:45 2026-08-19T10:53:45.633Z root INFO [hosted-plugin: 84701] PLUGIN_HOST(84701): initializing(vscode-language-pack-zh-hans@1.96.0 with /tmp/.mount_arduinfCPGiq/resources/app/lib/backend/plugin-vscode-init)
2026-08-19 16:23:45 2026-08-19T10:53:45.633Z root INFO [hosted-plugin: 84701] PLUGIN_HOST(84701): initializing(vscode-language-pack-zh-hant@1.96.0 with /tmp/.mount_arduinfCPGiq/resources/app/lib/backend/plugin-vscode-init)
2026-08-19 16:23:45 2026-08-19T10:53:45.645Z root INFO [hosted-plugin: 84701] PLUGIN_HOST(84701): PluginManagerExtImpl/loadPlugin(/tmp/.mount_arduinfCPGiq/resources/app/plugins/vscode-builtin-json-language-features/extension/client/dist/node/jsonClientMain)
2026-08-19 16:23:45 2026-08-19T10:53:45.692Z root INFO [hosted-plugin: 84701] PLUGIN_HOST(84701): PluginManagerExtImpl/loadPlugin(/tmp/.mount_arduinfCPGiq/resources/app/plugins/vscode-arduino-tools/extension/dist/extension.js)
2026-08-19 16:23:45 2026-08-19T10:53:45.715Z root INFO [hosted-plugin: 84701] PLUGIN_HOST(84701): PluginManagerExtImpl/loadPlugin(/tmp/.mount_arduinfCPGiq/resources/app/plugins/vscode-arduino-api/extension/dist/extension.js)
2026-08-19 16:23:45 2026-08-19T10:53:45.720Z root INFO [hosted-plugin: 84701] calling activation function on VS Code Arduino Tools
calling activation function on Arduino IDE API for VS Code extensions
2026-08-19 16:23:45 2026-08-19T10:53:45.757Z root INFO [b7d3b1a2-7101-45eb-b5b8-90dd5fdd7c9e] Starting plugins.
2026-08-19 16:23:45 2026-08-19T10:53:45.763Z root INFO [hosted-plugin: 84701] PLUGIN_HOST(84701): PluginManagerExtImpl/loadPlugin(/tmp/.mount_arduinfCPGiq/resources/app/plugins/cortex-debug/extension/dist/extension.js)
2026-08-19 16:23:45 2026-08-19T10:53:45.798Z root INFO [hosted-plugin: 84701] Debug configuration provider has been registered: cortex-debug, trigger: 1
2026-08-19 16:23:45 2026-08-19T10:53:45.798Z root INFO [hosted-plugin: 84701] calling activation function on Cortex-Debug
2026-08-19 16:23:45 2026-08-19T10:53:45.801Z root INFO [hosted-plugin: 84701] GDB server console created
2026-08-19 16:23:45 2026-08-19T10:53:45.807Z root INFO [b7d3b1a2-7101-45eb-b5b8-90dd5fdd7c9e] Start of 23 plugins: 660.7 ms [Finished 4.836 s after frontend start]
2026-08-19 16:23:45 2026-08-19T10:53:45.926Z root INFO [hosted-plugin: 84701] calling activation function on JSON Language Features (built-in)
2026-08-19 16:23:46 2026-08-19T10:53:46.199Z root INFO Frontend application start: 2925.9 ms [Finished 6.020 s after backend start]
2026-08-19 16:23:46 Checking for update
2026-08-19 16:23:46 2026-08-19T10:53:46.231Z root INFO Replace loading indicator with ready workbench UI (animation): 848.5 ms [Finished 5.023 s after frontend start]
2026-08-19 16:23:46 2026-08-19T10:53:46.231Z root INFO Changed application state from 'initialized_layout' to 'ready'.
2026-08-19 16:23:46 2026-08-19T10:53:46.231Z root WARN Linked preference "workbench.colorCustomizations" not found.
2026-08-19 16:23:46 2026-08-19T10:53:46.403Z daemon INFO time="2026-08-19T16:23:46+05:30" level=info msg="Updating index" url="https://downloads.arduino.cc/packages/package_index.tar.bz2"
time="2026-08-19T16:23:46+05:30" level=info msg="Starting download" url="https://downloads.arduino.cc/libraries/library_index.tar.bz2"
time="2026-08-19T16:23:46+05:30" level=info msg="Starting download" url="https://downloads.arduino.cc/packages/package_index.tar.bz2"
2026-08-19 16:23:46 2026-08-19T10:53:46.407Z root INFO core-client-provider [library-index] Downloading index: library_index.tar.bz2

2026-08-19 16:23:46 2026-08-19T10:53:46.408Z root INFO core-client-provider [platform-index] Downloading index: package_index.tar.bz2

2026-08-19 16:23:46 2026-08-19T10:53:46.508Z daemon INFO time="2026-08-19T16:23:46+05:30" level=info msg="Tool required for debug" tool="arduino:arduinoOTA@1.3.0"
time="2026-08-19T16:23:46+05:30" level=info msg="Tool required for debug" tool="arduino:avr-gcc@7.3.0-atmel3.6.1-arduino7"
time="2026-08-19T16:23:46+05:30" level=info msg="Tool required for debug" tool="arduino:avrdude@8.0.0-arduino1"
time="2026-08-19T16:23:46+05:30" level=info msg="Tool required for debug" tool="builtin:serial-monitor@0.15.0"
time="2026-08-19T16:23:46+05:30" level=info msg="Tool required for debug" tool="builtin:ctags@5.8-arduino11"
time="2026-08-19T16:23:46+05:30" level=info msg="Tool required for debug" tool="builtin:dfu-discovery@0.1.2"
time="2026-08-19T16:23:46+05:30" level=info msg="Tool required for debug" tool="builtin:mdns-discovery@1.1.0"
time="2026-08-19T16:23:46+05:30" level=info msg="Tool required for debug" tool="builtin:serial-discovery@1.5.2"
2026-08-19 16:23:46 2026-08-19T10:53:46.509Z root ERROR Failed to get debug config: arduino:avr:uno, undefined Error: Debugging is not supported.
    at Object.callback (/tmp/.mount_arduinfCPGiq/resources/app/lib/backend/main.js:2:4756202)
    at Object.onReceiveStatus (/tmp/.mount_arduinfCPGiq/resources/app/lib/backend/main.js:2:3791917)
    at Object.onReceiveStatus (/tmp/.mount_arduinfCPGiq/resources/app/lib/backend/main.js:2:2225840)
    at Object.onReceiveStatus (/tmp/.mount_arduinfCPGiq/resources/app/lib/backend/main.js:2:2225285)
    at /tmp/.mount_arduinfCPGiq/resources/app/lib/backend/main.js:2:4362019
    at process.processTicksAndRejections (node:internal/process/task_queues:77:11)
2026-08-19 16:23:46 2026-08-19T10:53:46.778Z root ERROR ---- !!!SLOW!!! DURATION: search took 542.339 ms. Args: [{"type":"Updatable"}] ----
2026-08-19 16:23:46 2026-08-19T10:53:46.780Z root INFO Starting language server: arduino:avr:uno
2026-08-19 16:23:46 2026-08-19T10:53:46.962Z daemon INFO time="2026-08-19T16:23:46+05:30" level=info msg="Adding libraries dir" dir=/home/raj/.arduino15/libraries isSingleLibrary=false location=ide
time="2026-08-19T16:23:46+05:30" level=info msg="Adding libraries dir" dir=/home/raj/.arduino15/packages/arduino/hardware/avr/1.8.8/libraries isSingleLibrary=false location=platform
2026-08-19 16:23:46 2026-08-19T10:53:46.962Z daemon INFO time="2026-08-19T16:23:46+05:30" level=info msg="Adding libraries dir" dir=/home/raj/Arduino/libraries isSingleLibrary=false location=user
2026-08-19 16:23:47 2026-08-19T10:53:47.195Z daemon INFO time="2026-08-19T16:23:47+05:30" level=info msg="Adding libraries dir" dir=/home/raj/.arduino15/libraries isSingleLibrary=false location=ide
time="2026-08-19T16:23:47+05:30" level=info msg="Adding libraries dir" dir=/home/raj/.arduino15/packages/arduino/hardware/avr/1.8.8/libraries isSingleLibrary=false location=platform
2026-08-19 16:23:47 2026-08-19T10:53:47.196Z daemon INFO time="2026-08-19T16:23:47+05:30" level=info msg="Adding libraries dir" dir=/home/raj/Arduino/libraries isSingleLibrary=false location=user
2026-08-19 16:23:47 Found version 2.3.10 (url: arduino-ide_2.3.10_Linux_64bit.AppImage)
2026-08-19 16:23:53 Downloading update from arduino-ide_2.3.10_Linux_64bit.AppImage
2026-08-19 16:23:53 updater cache dir: /home/raj/.cache/arduino-ide-updater
2026-08-19 16:23:53 Update has already been downloaded to /home/raj/.cache/arduino-ide-updater/pending/arduino-ide_2.3.10_Linux_64bit.AppImage).
2026-08-19 16:23:57 Install on explicit quitAndInstall
2026-08-19 16:23:57 Install: isSilent: false, isForceRunAfter: true
2026-08-19 16:23:57 isTempSketch: false. Input was /home/raj/Arduino/sketch_aug14b
2026-08-19 16:23:57 Marking workspace as a closed sketch. Workspace URI: file:///home/raj/Arduino/sketch_aug14b. Date: 1787136837464.
2026-08-19 16:23:57 isTempSketch: false. Input was /home/raj/Arduino/sketch_aug14b
2026-08-19 16:23:57 Marking workspace as a closed sketch. Workspace URI: file:///home/raj/Arduino/sketch_aug14b. Date: 1787136837470.
2026-08-19 16:23:57 2026-08-19T10:53:57.476Z root INFO socked closed
2026-08-19 16:23:57 2026-08-19T10:53:57.476Z root INFO closing connection for 1
2026-08-19 16:23:57 2026-08-19T10:53:57.476Z root INFO Closing channel on service path '/localization-server'.
2026-08-19 16:23:57 2026-08-19T10:53:57.476Z root INFO Closing channel on service path '/os'.
2026-08-19 16:23:57 2026-08-19T10:53:57.476Z root INFO Closing channel on service path '/services/commands'.
2026-08-19 16:23:57 2026-08-19T10:53:57.476Z root INFO Closing channel on service path '/services/keyboard'.
2026-08-19 16:23:57 2026-08-19T10:53:57.476Z root INFO Closing channel on service path '/services/logger'.
2026-08-19 16:23:57 2026-08-19T10:53:57.476Z root INFO Closing channel on service path '/services/messageService'.
2026-08-19 16:23:57 2026-08-19T10:53:57.476Z root INFO Closing channel on service path '/services/ChannelCloseService'.
2026-08-19 16:23:57 2026-08-19T10:53:57.476Z root INFO Closing channel on service path '/services/remote-filesystem'.
2026-08-19 16:23:57 2026-08-19T10:53:57.476Z root INFO Closing channel on service path '/services/envs'.
2026-08-19 16:23:57 2026-08-19T10:53:57.476Z root INFO Closing channel on service path '/services/authentication-service'.
2026-08-19 16:23:57 2026-08-19T10:53:57.476Z root INFO Closing channel on service path '/services/sketches-service'.
2026-08-19 16:23:57 2026-08-19T10:53:57.476Z root INFO Closing channel on service path '/services/config-service'.
2026-08-19 16:23:57 2026-08-19T10:53:57.476Z root INFO Closing channel on service path '/services/workspace'.
2026-08-19 16:23:57 2026-08-19T10:53:57.476Z root INFO Closing channel on service path '/services/notification-service'.
2026-08-19 16:23:57 2026-08-19T10:53:57.476Z root INFO Closing channel on service path '/services/arduino-daemon'.
2026-08-19 16:23:57 2026-08-19T10:53:57.476Z root INFO Closing channel on service path '/services/stopwatch'.
2026-08-19 16:23:57 2026-08-19T10:53:57.476Z root INFO Closing channel on service path '/services/application'.
2026-08-19 16:23:57 2026-08-19T10:53:57.476Z root INFO Closing channel on service path '/services/i18n'.
2026-08-19 16:23:57 2026-08-19T10:53:57.476Z root INFO Closing channel on service path '/services/quickInput'.
2026-08-19 16:23:57 2026-08-19T10:53:57.476Z root INFO Closing channel on service path '/services/debug'.
2026-08-19 16:23:57 2026-08-19T10:53:57.476Z root INFO Closing channel on service path '/services/shell-terminal'.
2026-08-19 16:23:57 2026-08-19T10:53:57.476Z root INFO Closing channel on service path '/services/quickPick'.
2026-08-19 16:23:57 2026-08-19T10:53:57.476Z root INFO Closing channel on service path '/services/task'.
2026-08-19 16:23:57 2026-08-19T10:53:57.476Z root INFO Closing channel on service path '/services/search'.
2026-08-19 16:23:57 2026-08-19T10:53:57.476Z root INFO Closing channel on service path '/services/hostedPlugin'.
2026-08-19 16:23:57 2026-08-19T10:53:57.476Z root INFO Closing channel on service path '/services/plugin-ext'.
2026-08-19 16:23:57 2026-08-19T10:53:57.476Z root INFO Closing channel on service path '/services/plugin-paths'.
2026-08-19 16:23:57 2026-08-19T10:53:57.476Z root INFO Closing channel on service path '/services/cli-preferences'.
2026-08-19 16:23:57 2026-08-19T10:53:57.476Z root INFO Closing channel on service path '/services/boards-service'.
2026-08-19 16:23:57 2026-08-19T10:53:57.476Z root INFO Closing channel on service path '/services/response-service'.
2026-08-19 16:23:57 2026-08-19T10:53:57.476Z root INFO Closing channel on service path '/services/file-system-ext'.
2026-08-19 16:23:57 2026-08-19T10:53:57.476Z root INFO Closing channel on service path '/services/core-service'.
2026-08-19 16:23:57 2026-08-19T10:53:57.476Z root INFO Closing channel on service path '/services/example-service'.
2026-08-19 16:23:57 2026-08-19T10:53:57.476Z root INFO Closing channel on service path '/services/library-service'.
2026-08-19 16:23:57 2026-08-19T10:53:57.476Z root INFO Closing channel on service path '/services/executable-service'.
2026-08-19 16:23:57 2026-08-19T10:53:57.476Z root INFO Closing channel on service path '/services/arduino-firmware-uploader'.
2026-08-19 16:23:57 2026-08-19T10:53:57.476Z root INFO Closing channel on service path '/services/formatter'.
2026-08-19 16:23:57 2026-08-19T10:53:57.476Z root INFO Closing channel on service path '/services/search-in-workspace'.
2026-08-19 16:23:57 2026-08-19T10:53:57.476Z root INFO Closing channel on service path '/services/request-service'.
2026-08-19 16:23:57 2026-08-19T10:53:57.476Z root INFO Closing channel on service path '/services/keyStore'.
2026-08-19 16:23:57 2026-08-19T10:53:57.476Z root INFO Closing channel on service path '/services/languagePackService'.
2026-08-19 16:23:57 Closing channel on service path '/services/electron-window'.
2026-08-19 16:23:57 Closing channel on service path '/services/ide-updater'.
2026-08-19 16:23:57 Storing the sketch as a workspace root: </home/raj/Arduino/sketch_aug14b>.
2026-08-19 16:23:57 Skipped storing sketch as workspace root. Already visited: </home/raj/Arduino/sketch_aug14b>.
2026-08-19 16:23:57 Stored workspaces roots: /home/raj/Arduino/sketch_aug14b
2026-08-19 16:23:57 No sketches were scheduled for deletion.
2026-08-19 16:23:57 Update installer has already been triggered. Quitting application.
2026-08-19 16:23:58 Arduino IDE 2.3.10
2026-08-19 16:23:58 Checking for frontend application configuration customizations. Module path: /tmp/.mount_arduinJazuow/resources/app/lib/backend/electron-main.js, destination 'package.json': /tmp/.mount_arduinJazuow/resources/app/package.json
2026-08-19 16:23:59 Setting 'theia.frontend.config.appVersion' application configuration value to: "2.3.10" (type of string)
2026-08-19 16:23:59 Setting 'theia.frontend.config.cliVersion' application configuration value to: "1.5.1" (type of string)
2026-08-19 16:23:59 Setting 'theia.frontend.config.buildDate' application configuration value to: "2026-06-09T16:44:01.600Z" (type of string)
2026-08-19 16:23:59 Frontend application configuration after modifications: {"applicationName":"Arduino IDE","defaultTheme":{"light":"arduino-theme","dark":"arduino-theme-dark"},"defaultIconTheme":"none","electron":{"windowOptions":{},"showWindowEarly":true,"splashScreenOptions":{},"uriScheme":"arduino-ide"},"defaultLocale":"","validatePreferencesSchema":false,"reloadOnReconnect":true,"uriScheme":"theia","preferences":{"window.title":"${rootName}${activeEditorShort}${appName}","files.autoSave":"afterDelay","editor.minimap.enabled":false,"editor.tabSize":2,"editor.scrollBeyondLastLine":false,"editor.quickSuggestions":{"other":false,"comments":false,"strings":false},"editor.maxTokenizationLineLength":500,"editor.bracketPairColorization.enabled":false,"breadcrumbs.enabled":false,"workbench.tree.renderIndentGuides":"none","explorer.compactFolders":false},"appVersion":"2.3.10","cliVersion":"1.5.1","buildDate":"2026-06-09T16:44:01.600Z"}
2026-08-19 16:23:59 Starting backend process. PID: 84916
2026-08-19 16:23:59 Showing main window early
2026-08-19 16:23:59 Using browser-only version of superagent in non-browser environment
2026-08-19 16:23:59 Configuration directory URI: 'file:///home/raj/.arduinoIDE'
2026-08-19 16:23:59 Configuring to accept webviews on '^.+\.webview\..+$' hostname.
2026-08-19 16:23:59 2026-08-19T10:53:59.892Z root INFO Backend u.initialize: 29.9 ms [Finished 0.743 s after backend start]
2026-08-19 16:23:59 2026-08-19T10:53:59.898Z root INFO Backend Object.initialize: 28.5 ms [Finished 0.743 s after backend start]
2026-08-19 16:23:59 2026-08-19T10:53:59.899Z root INFO Backend a.initialize: 1.1 ms [Finished 0.743 s after backend start]
2026-08-19 16:23:59 2026-08-19T10:53:59.899Z root INFO Backend a.initialize: 0.8 ms [Finished 0.743 s after backend start]
2026-08-19 16:23:59 2026-08-19T10:53:59.899Z root INFO Backend u.initialize: 1.1 ms [Finished 0.743 s after backend start]
2026-08-19 16:23:59 2026-08-19T10:53:59.901Z root INFO Backend l.initialize: 30.0 ms [Finished 0.744 s after backend start]
2026-08-19 16:23:59 2026-08-19T10:53:59.907Z root INFO configured all backend app contributions
2026-08-19 16:23:59 2026-08-19T10:53:59.907Z root INFO Backend l.onStart: 1.0 ms [Finished 0.759 s after backend start]
2026-08-19 16:23:59 2026-08-19T10:53:59.907Z root INFO Backend d.onStart: 0.1 ms [Finished 0.759 s after backend start]
2026-08-19 16:23:59 2026-08-19T10:53:59.908Z root INFO Backend a.onStart: 0.3 ms [Finished 0.759 s after backend start]
2026-08-19 16:23:59 2026-08-19T10:53:59.908Z config INFO >>> Initializing CLI configuration...
2026-08-19 16:23:59 2026-08-19T10:53:59.908Z root INFO Backend x.onStart: 0.3 ms [Finished 0.759 s after backend start]
2026-08-19 16:23:59 2026-08-19T10:53:59.908Z config INFO Loading CLI configuration from /home/raj/.arduinoIDE/arduino-cli.yaml...
2026-08-19 16:23:59 2026-08-19T10:53:59.908Z daemon INFO Starting daemon from /tmp/.mount_arduinJazuow/resources/app/lib/backend/resources/arduino-cli...
2026-08-19 16:23:59 2026-08-19T10:53:59.908Z root INFO Backend w.onStart: 0.3 ms [Finished 0.760 s after backend start]
2026-08-19 16:23:59 2026-08-19T10:53:59.908Z discovery-log INFO start
2026-08-19 16:23:59 2026-08-19T10:53:59.908Z discovery-log INFO start new deferred
2026-08-19 16:23:59 2026-08-19T10:53:59.908Z root INFO Backend v.onStart: 0.2 ms [Finished 0.760 s after backend start]
2026-08-19 16:23:59 2026-08-19T10:53:59.908Z root INFO Backend a.onStart: 0.1 ms [Finished 0.760 s after backend start]
2026-08-19 16:23:59 2026-08-19T10:53:59.911Z root INFO Theia app listening on http://127.0.0.1:34119.
2026-08-19 16:23:59 2026-08-19T10:53:59.911Z root INFO Finished starting backend application: 2.9 ms [Finished 0.763 s after backend start]
2026-08-19 16:23:59 Restoring workspace roots: /home/raj/Arduino/sketch_aug14b
2026-08-19 16:23:59 2026-08-19T10:53:59.914Z root WARN The local plugin referenced by local-dir:/home/raj/.arduinoIDE/plugins does not exist.
2026-08-19 16:23:59 2026-08-19T10:53:59.914Z root WARN The local plugin referenced by local-dir:/home/raj/.arduinoIDE/deployedPlugins does not exist.
2026-08-19 16:23:59 isTempSketch: false. Input was /home/raj/Arduino/sketch_aug14b/sketch_aug14b.ino
2026-08-19 16:24:00 2026-08-19T10:53:59.939Z config INFO Loaded CLI configuration: {"board_manager":{"additional_urls":[]}}
2026-08-19 16:24:00 2026-08-19T10:53:59.939Z config INFO Loading fallback CLI configuration to get 'directories.data' and 'directories.user'
2026-08-19 16:24:00 2026-08-19T10:54:00.062Z root INFO Resolve plugins list: 152.8 ms [Finished 0.914 s after backend start]
2026-08-19 16:24:00 2026-08-19T10:54:00.258Z daemon INFO time="2026-08-19T16:24:00+05:30" level=info msg="arduino-cli version 1.5.1"
2026-08-19 16:24:00 2026-08-19T10:54:00.260Z daemon INFO time="2026-08-19T16:24:00+05:30" level=info msg="Using config file: /home/raj/.arduinoIDE/arduino-cli.yaml"
time="2026-08-19T16:24:00+05:30" level=info msg="Executing `arduino-cli daemon`"
2026-08-19 16:24:00 2026-08-19T10:54:00.277Z daemon INFO Daemon is now listening on 127.0.0.1:41933
{"IP":"127.0.0.1","Port":"41933"}
2026-08-19 16:24:00 2026-08-19T10:54:00.277Z daemon INFO Daemon is running.
2026-08-19 16:24:00 2026-08-19T10:54:00.309Z config INFO Loaded fallback CLI configuration: {"directories":{"user":"/home/raj/Arduino","data":"/home/raj/.arduino15"}}
2026-08-19 16:24:00 2026-08-19T10:54:00.309Z config INFO Merged CLI configuration with the fallback: {"directories":{"user":"/home/raj/Arduino","data":"/home/raj/.arduino15"},"board_manager":{"additional_urls":[]}}
2026-08-19 16:24:00 2026-08-19T10:54:00.309Z config INFO Loaded the CLI configuration.
2026-08-19 16:24:00 2026-08-19T10:54:00.331Z config INFO Mapped the CLI configuration: {"dataDirUri":"file:///home/raj/.arduino15","sketchDirUri":"file:///home/raj/Arduino","additionalUrls":[],"network":"none","locale":"en"}
2026-08-19 16:24:00 2026-08-19T10:54:00.331Z config INFO Validating the CLI configuration...
2026-08-19 16:24:00 2026-08-19T10:54:00.331Z config INFO The CLI config is valid.
2026-08-19 16:24:00 2026-08-19T10:54:00.331Z config INFO <<< Initialized the CLI configuration.
2026-08-19 16:24:00 2026-08-19T10:54:00.368Z daemon INFO time="2026-08-19T16:24:00+05:30" level=info msg="Checking signature" index=/home/raj/.arduino15/package_index.json signatureFile=/home/raj/.arduino15/package_index.json.sig trusted=true
2026-08-19 16:24:00 2026-08-19T10:54:00.372Z daemon INFO time="2026-08-19T16:24:00+05:30" level=info msg="Loading hardware from: /home/raj/.arduino15/packages"
time="2026-08-19T16:24:00+05:30" level=info msg="Loading package arduino from: /home/raj/.arduino15/packages/arduino/hardware"
2026-08-19 16:24:00 2026-08-19T10:54:00.373Z daemon INFO time="2026-08-19T16:24:00+05:30" level=info msg="Missing signature file" index=/home/raj/.arduino15/packages/arduino/hardware/avr/1.8.8/installed.json
time="2026-08-19T16:24:00+05:30" level=info msg="/home/raj/.arduino15/packages/arduino/hardware/avr/1.8.8/installed.json is being updated to version 2"
2026-08-19 16:24:00 2026-08-19T10:54:00.377Z daemon INFO time="2026-08-19T16:24:00+05:30" level=info msg="Missing signature file" index=/home/raj/.arduino15/packages/arduino/hardware/avr/1.8.8/installed.json
2026-08-19 16:24:00 2026-08-19T10:54:00.379Z daemon INFO time="2026-08-19T16:24:00+05:30" level=info msg="Adding monitor tool" protocol=serial tool="builtin:serial-monitor"
time="2026-08-19T16:24:00+05:30" level=info msg="Loaded platform" platform="arduino:avr@1.8.8"
time="2026-08-19T16:24:00+05:30" level=info msg="Checking existence of 'tools' path: /home/raj/.arduino15/packages/arduino/tools"
time="2026-08-19T16:24:00+05:30" level=info msg="Loading tools from dir: /home/raj/.arduino15/packages/arduino/tools"
2026-08-19 16:24:00 2026-08-19T10:54:00.379Z daemon INFO time="2026-08-19T16:24:00+05:30" level=info msg="Loaded tool" tool="arduino:arduinoOTA@1.3.0"
time="2026-08-19T16:24:00+05:30" level=info msg="Loaded tool" tool="arduino:avr-gcc@7.3.0-atmel3.6.1-arduino7"
time="2026-08-19T16:24:00+05:30" level=info msg="Loaded tool" tool="arduino:avrdude@8.0.0-arduino1"
time="2026-08-19T16:24:00+05:30" level=info msg="Loading package builtin from: /home/raj/.arduino15/packages/builtin"
time="2026-08-19T16:24:00+05:30" level=info msg="Checking existence of 'tools' path: /home/raj/.arduino15/packages/builtin/tools"
time="2026-08-19T16:24:00+05:30" level=info msg="Loading tools from dir: /home/raj/.arduino15/packages/builtin/tools"
time="2026-08-19T16:24:00+05:30" level=info msg="Loaded tool" tool="builtin:ctags@5.8-arduino11"
time="2026-08-19T16:24:00+05:30" level=info msg="Loaded tool" tool="builtin:dfu-discovery@0.1.2"
time="2026-08-19T16:24:00+05:30" level=info msg="Loaded tool" tool="builtin:mdns-discovery@1.0.12"
2026-08-19 16:24:00 2026-08-19T10:54:00.379Z daemon INFO time="2026-08-19T16:24:00+05:30" level=info msg="Loaded tool" tool="builtin:mdns-discovery@1.1.0"
time="2026-08-19T16:24:00+05:30" level=info msg="Loaded tool" tool="builtin:serial-discovery@1.4.3"
time="2026-08-19T16:24:00+05:30" level=info msg="Loaded tool" tool="builtin:serial-discovery@1.5.2"
time="2026-08-19T16:24:00+05:30" level=info msg="Loaded tool" tool="builtin:serial-monitor@0.15.0"
2026-08-19 16:24:00 2026-08-19T10:54:00.385Z daemon INFO time="2026-08-19T16:24:00+05:30" level=info msg="Adding libraries dir" dir=/home/raj/.arduino15/packages/arduino/hardware/avr/1.8.8/libraries isSingleLibrary=false location=platform
time="2026-08-19T16:24:00+05:30" level=info msg="Loading libraries index file" index=/home/raj/.arduino15/library_index.json
2026-08-19 16:24:00 2026-08-19T10:54:00.712Z daemon INFO time="2026-08-19T16:24:00+05:30" level=info msg="Adding libraries dir" dir=/home/raj/.arduino15/libraries isSingleLibrary=false location=ide
time="2026-08-19T16:24:00+05:30" level=info msg="Adding libraries dir" dir=/home/raj/Arduino/libraries isSingleLibrary=false location=user
2026-08-19 16:24:00 2026-08-19T10:54:00.716Z discovery-log INFO start resolved watching
2026-08-19 16:24:00 2026-08-19T10:54:00.725Z discovery-log INFO {"eventType":"add","port":{"matchingBoardsList":[],"port":{"address":"/dev/ttyS4","label":"/dev/ttyS4","protocol":"serial","protocolLabel":"Serial Port","propertiesMap":[],"hardwareId":""}},"error":""}
2026-08-19 16:24:00 2026-08-19T10:54:00.725Z discovery-log INFO {"eventType":"add","port":{"matchingBoardsList":[],"port":{"address":"/dev/ttyS5","label":"/dev/ttyS5","protocol":"serial","protocolLabel":"Serial Port","propertiesMap":[],"hardwareId":""}},"error":""}
2026-08-19 16:24:00 2026-08-19T10:54:00.916Z root INFO Deploy plugins list: 1007.6 ms [Finished 1.769 s after backend start]
2026-08-19 16:24:01 2026-08-19T10:54:01.323Z root INFO creating connection for 1
2026-08-19 16:24:02 2026-08-19T10:54:02.241Z root WARN Frontend a.configure took longer than the expected maximum 100 milliseconds: 114.3 ms [Finished 2.299 s after frontend start]
2026-08-19 16:24:02 2026-08-19T10:54:02.268Z root WARN A command editor.action.toggleStickyScroll is already registered.
2026-08-19 16:24:02 2026-08-19T10:54:02.302Z sketches-service WARN Warning! The request sketch path was different than the response sketch path from the CLI. This could be a potential bug. Request: </home/raj/Arduino/sketch_aug14b/sketch_aug14b.ino>, response: </home/raj/Arduino/sketch_aug14b>.
2026-08-19 16:24:02 Opening channel for service path '/services/electron-window'.
2026-08-19 16:24:02 Opening channel for service path '/services/ide-updater'.
2026-08-19 16:24:02 2026-08-19T10:54:02.389Z root INFO Start frontend contributions: 331.0 ms [Finished 2.425 s after frontend start]
2026-08-19 16:24:02 2026-08-19T10:54:02.389Z root INFO Changed application state from 'init' to 'started_contributions'.
2026-08-19 16:24:02 2026-08-19T10:54:02.403Z root INFO Changed application state from 'started_contributions' to 'attached_shell'.
2026-08-19 16:24:02 2026-08-19T10:54:02.403Z root INFO >>> Restoring the layout state...
2026-08-19 16:24:02 2026-08-19T10:54:02.463Z root INFO [a045cfdc-9e94-48dc-bb9f-d185195c342b] Waiting for backend deployment: 104.1 ms [Finished 2.521 s after frontend start]
2026-08-19 16:24:03 2026-08-19T10:54:03.008Z root INFO [hosted-plugin: 85049] PLUGIN_HOST(85049) starting instance
[Object: null prototype] {}
2026-08-19 16:24:03 2026-08-19T10:54:03.602Z root INFO [a045cfdc-9e94-48dc-bb9f-d185195c342b] Sync of 23 plugins: 1140.5 ms [Finished 3.661 s after frontend start]
2026-08-19 16:24:03 2026-08-19T10:54:03.627Z root INFO ------- SERIALIZED LAYOUT DATA -------
2026-08-19 16:24:03 2026-08-19T10:54:03.627Z root INFO {"version":5,"mainPanel":{"main":{"type":"tab-area","widgets":[{"constructionOptions":{"factoryId":"code-editor-opener","options":{"counter":0,"kind":"navigatable","uri":"file:///home/raj/Arduino/sketch_aug14b/sketch_aug14b.ino"}},"innerWidgetState":"{\"cursorState\":[{\"inSelectionMode\":false,\"selectionStart\":{\"lineNumber\":96,\"column\":5},\"position\":{\"lineNumber\":96,\"column\":5}}],\"viewState\":{\"scrollLeft\":0,\"firstPosition\":{\"lineNumber\":79,\"column\":1},\"firstPositionDeltaTop\":-8},\"contributionsState\":{\"editor.contrib.folding\":{\"lineCount\":98,\"provider\":\"indent\",\"foldedImports\":false},\"editor.contrib.wordHighlighter\":false}}"}],"currentIndex":0}},"mainPanelPinned":[false],"bottomPanel":{"config":{"main":{"type":"tab-area","widgets":[{"constructionOptions":{"factoryId":"outputView"},"innerWidgetState":"{\"locked\":false}"},{"constructionOptions":{"factoryId":"serial-monitor"}}],"currentIndex":1}},"pinned":[false,false],"size":183,"expanded":true},"leftPanel":{"type":"sidepanel","items":[{"widget":{"constructionOptions":{"factoryId":"arduino-sketchbook-widget"}},"rank":1,"expanded":false,"pinned":false},{"widget":{"constructionOptions":{"factoryId":"boards-list-widget"}},"rank":2,"expanded":false,"pinned":false},{"widget":{"constructionOptions":{"factoryId":"library-list-widget"}},"rank":3,"expanded":false,"pinned":false},{"widget":{"constructionOptions":{"factoryId":"debug"},"innerWidgetState":"{\"parts\":[{\"partId\":\"debug:threads:-1\",\"collapsed\":false,\"hidden\":false,\"originalContainerId\":\"debug:view-container:-1\",\"originalContainerTitle\":{\"label\":\"debug\",\"iconClass\":\"codicon codicon-debug-alt\",\"closeable\":true},\"widget\":{\"constructionOptions\":{\"factoryId\":\"debug:threads\"},\"innerWidgetState\":\"{}\"}},{\"partId\":\"debug:frames:-1\",\"collapsed\":false,\"hidden\":false,\"originalContainerId\":\"debug:view-container:-1\",\"originalContainerTitle\":{\"label\":\"debug\",\"iconClass\":\"codicon codicon-debug-alt\",\"closeable\":true},\"widget\":{\"constructionOptions\":{\"factoryId\":\"debug:frames\"},\"innerWidgetState\":\"{}\"}},{\"partId\":\"debug:variables:-1\",\"collapsed\":false,\"hidden\":false,\"originalContainerId\":\"debug:view-container:-1\",\"originalContainerTitle\":{\"label\":\"debug\",\"iconClass\":\"codicon codicon-debug-alt\",\"closeable\":true},\"widget\":{\"constructionOptions\":{\"factoryId\":\"debug:variables\"},\"innerWidgetState\":\"{}\"}},{\"partId\":\"debug:watch:-1\",\"collapsed\":false,\"hidden\":false,\"originalContainerId\":\"debug:view-container:-1\",\"originalContainerTitle\":{\"label\":\"debug\",\"iconClass\":\"codicon codicon-debug-alt\",\"closeable\":true},\"widget\":{\"constructionOptions\":{\"factoryId\":\"debug:watch\"},\"innerWidgetState\":\"{}\"}},{\"partId\":\"debug:breakpoints:-1\",\"collapsed\":false,\"hidden\":false,\"originalContainerId\":\"debug:view-container:-1\",\"originalContainerTitle\":{\"label\":\"debug\",\"iconClass\":\"codicon codicon-debug-alt\",\"closeable\":true},\"widget\":{\"constructionOptions\":{\"factoryId\":\"debug:breakpoints\"},\"innerWidgetState\":\"{}\"}},{\"partId\":\"plugin-view:cortex-debug.peripherals\",\"collapsed\":true,\"hidden\":true,\"originalContainerId\":\"debug:view-container:-1\",\"originalContainerTitle\":{\"label\":\"debug\",\"iconClass\":\"codicon codicon-debug-alt\",\"closeable\":true},\"widget\":{\"constructionOptions\":{\"factoryId\":\"plugin-view\",\"options\":{\"id\":\"plugin-view:cortex-debug.peripherals\",\"viewId\":\"cortex-debug.peripherals\"}},\"innerWidgetState\":\"{\\\"label\\\":\\\"Cortex Peripherals\\\",\\\"widgets\\\":[],\\\"suppressUpdateViewVisibility\\\":false,\\\"currentViewContainerId\\\":\\\"debug\\\"}\"}},{\"partId\":\"plugin-view:cortex-debug.registers\",\"collapsed\":true,\"hidden\":true,\"originalContainerId\":\"debug:view-container:-1\",\"originalContainerTitle\":{\"label\":\"debug\",\"iconClass\":\"codicon codicon-debug-alt\",\"closeable\":true},\"widget\":{\"constructionOptions\":{\"factoryId\":\"plugin-view\",\"options\":{\"id\":\"plugin-view:cortex-debug.registers\",\"viewId\":\"cortex-debug.registers\"}},\"innerWidgetState\":\"{\\\"label\\\":\\\"Cortex Registers\\\",\\\"widgets\\\":[],\\\"suppressUpdateViewVisibility\\\":false,\\\"currentViewContainerId\\\":\\\"debug\\\"}\"}}],\"title\":{\"label\":\"debug\",\"iconClass\":\"codicon codicon-debug-alt\",\"closeable\":true}}"},"rank":4,"expanded":false,"pinned":false},{"widget":{"constructionOptions":{"factoryId":"search-view-container"},"innerWidgetState":"{\"parts\":[{\"partId\":\"search-in-workspace\",\"collapsed\":false,\"hidden\":false,\"originalContainerId\":\"search-view-container\",\"originalContainerTitle\":{\"label\":\"Search\",\"iconClass\":\"codicon codicon-search\",\"closeable\":true},\"widget\":{\"constructionOptions\":{\"factoryId\":\"search-in-workspace\"},\"innerWidgetState\":\"{\\\"matchCaseState\\\":{\\\"className\\\":\\\"codicon codicon-case-sensitive\\\",\\\"enabled\\\":false,\\\"title\\\":\\\"Match Case\\\"},\\\"wholeWordState\\\":{\\\"className\\\":\\\"codicon codicon-whole-word\\\",\\\"enabled\\\":false,\\\"title\\\":\\\"Match Whole Word\\\"},\\\"regExpState\\\":{\\\"className\\\":\\\"codicon codicon-regex\\\",\\\"enabled\\\":false,\\\"title\\\":\\\"Use Regular Expression\\\"},\\\"includeIgnoredState\\\":{\\\"className\\\":\\\"codicon codicon-eye\\\",\\\"enabled\\\":false,\\\"title\\\":\\\"Include Ignored Files\\\"},\\\"showSearchDetails\\\":false,\\\"searchInWorkspaceOptions\\\":{\\\"matchCase\\\":false,\\\"matchWholeWord\\\":false,\\\"useRegExp\\\":false,\\\"multiline\\\":false,\\\"includeIgnored\\\":false,\\\"include\\\":[],\\\"exclude\\\":[],\\\"maxResults\\\":2000},\\\"searchTerm\\\":\\\"\\\",\\\"replaceTerm\\\":\\\"\\\",\\\"showReplaceField\\\":false,\\\"searchHistoryState\\\":{\\\"history\\\":[],\\\"index\\\":0},\\\"replaceHistoryState\\\":{\\\"history\\\":[],\\\"index\\\":0},\\\"includeHistoryState\\\":{\\\"history\\\":[],\\\"index\\\":0},\\\"excludeHistoryState\\\":{\\\"history\\\":[],\\\"index\\\":0}}\"}}],\"title\":{\"label\":\"Search\",\"iconClass\":\"fa fa-arduino-search\",\"closeable\":true}}"},"rank":5,"expanded":false,"pinned":false}]},"rightPanel":{"type":"sidepanel","items":[]},"activeWidgetId":"serial-monitor"}
2026-08-19 16:24:03 2026-08-19T10:54:03.627Z root INFO ------- END SERIALIZED LAYOUT DATA -------
2026-08-19 16:24:04 2026-08-19T10:54:04.061Z root INFO <<< The layout has been successfully restored.
2026-08-19 16:24:04 2026-08-19T10:54:04.141Z root INFO Initialize the workbench layout: 1659.4 ms [Finished 4.121 s after frontend start]
2026-08-19 16:24:04 2026-08-19T10:54:04.142Z root INFO Changed application state from 'attached_shell' to 'initialized_layout'.
2026-08-19 16:24:04 2026-08-19T10:54:04.143Z root INFO [a045cfdc-9e94-48dc-bb9f-d185195c342b] Loading plugin contributions
2026-08-19 16:24:04 2026-08-19T10:54:04.143Z root INFO [a045cfdc-9e94-48dc-bb9f-d185195c342b] Load contributions of 23 plugins: 76.0 ms [Finished 4.199 s after frontend start]
2026-08-19 16:24:04 2026-08-19T10:54:04.212Z root WARN 'cpp' language is remapped from 'source.cpp.embedded.macro' to 'source.cpp' scope
2026-08-19 16:24:04 2026-08-19T10:54:04.212Z root WARN a registered grammar configuration for 'cpp' language is overridden
2026-08-19 16:24:04 2026-08-19T10:54:04.427Z root ERROR [hosted-plugin: 85049] Conflict in settings file Default: Ignoring cortex-debug.armToolchainPath.linux as cortex-debug.armToolchainPath is null
2026-08-19 16:24:04 2026-08-19T10:54:04.427Z root ERROR [hosted-plugin: 85049] Conflict in settings file Default: Ignoring cortex-debug.armToolchainPath.osx as cortex-debug.armToolchainPath is null
Conflict in settings file Default: Ignoring cortex-debug.armToolchainPath.windows as cortex-debug.armToolchainPath is null
Conflict in settings file Default: Ignoring cortex-debug.JLinkGDBServerPath.linux as cortex-debug.JLinkGDBServerPath is null
Conflict in settings file Default: Ignoring cortex-debug.JLinkGDBServerPath.osx as cortex-debug.JLinkGDBServerPath is null
Conflict in settings file Default: Ignoring cortex-debug.JLinkGDBServerPath.windows as cortex-debug.JLinkGDBServerPath is null
Conflict in settings file Default: Ignoring cortex-debug.openocdPath.linux as cortex-debug.openocdPath is null
Conflict in settings file Default: Ignoring cortex-debug.openocdPath.osx as cortex-debug.openocdPath is null
Conflict in settings file Default: Ignoring cortex-debug.openocdPath.windows as cortex-debug.openocdPath is null
Conflict in settings file Default: Ignoring cortex-debug.pyocdPath.linux as cortex-debug.pyocdPath is null
Conflict in settings file Default: Ignoring cortex-debug.pyocdPath.osx as cortex-debug.pyocdPath is null
Conflict in settings file Default: Ignoring cortex-debug.pyocdPath.windows as cortex-debug.pyocdPath is null
Conflict in settings file Default: Ignoring cortex-debug.PEGDBServerPath.linux as cortex-debug.PEGDBServerPath is null
Conflict in settings file Default: Ignoring cortex-debug.PEGDBServerPath.osx as cortex-debug.PEGDBServerPath is null
Conflict in settings file Default: Ignoring cortex-debug.PEGDBServerPath.windows as cortex-debug.PEGDBServerPath is null
Conflict in settings file Default: Ignoring cortex-debug.stutilPath.linux as cortex-debug.stutilPath is null
Conflict in settings file Default: Ignoring cortex-debug.stutilPath.osx as cortex-debug.stutilPath is null
Conflict in settings file Default: Ignoring cortex-debug.stutilPath.windows as cortex-debug.stutilPath is null
2026-08-19 16:24:04 2026-08-19T10:54:04.427Z root ERROR [hosted-plugin: 85049] Conflict in settings file Default: Ignoring cortex-debug.stlinkPath.linux as cortex-debug.stlinkPath is null
Conflict in settings file Default: Ignoring cortex-debug.stlinkPath.osx as cortex-debug.stlinkPath is null
Conflict in settings file Default: Ignoring cortex-debug.stlinkPath.windows as cortex-debug.stlinkPath is null
Conflict in settings file Default: Ignoring cortex-debug.stm32cubeprogrammer.linux as cortex-debug.stm32cubeprogrammer is null
Conflict in settings file Default: Ignoring cortex-debug.stm32cubeprogrammer.osx as cortex-debug.stm32cubeprogrammer is null
Conflict in settings file Default: Ignoring cortex-debug.stm32cubeprogrammer.windows as cortex-debug.stm32cubeprogrammer is null
2026-08-19 16:24:04 2026-08-19T10:54:04.442Z root INFO [hosted-plugin: 85049] PLUGIN_HOST(85049): PluginManagerExtImpl/init()
2026-08-19 16:24:04 2026-08-19T10:54:04.444Z root INFO [hosted-plugin: 85049] PLUGIN_HOST(85049): initializing(vscode-arduino-api@0.1.2 with /tmp/.mount_arduinJazuow/resources/app/lib/backend/plugin-vscode-init)
2026-08-19 16:24:04 2026-08-19T10:54:04.544Z root INFO [hosted-plugin: 85049] PLUGIN_HOST(85049): initializing(json-language-features@1.88.1 with /tmp/.mount_arduinJazuow/resources/app/lib/backend/plugin-vscode-init)
2026-08-19 16:24:04 2026-08-19T10:54:04.549Z root INFO [hosted-plugin: 85049] PLUGIN_HOST(85049): initializing(cortex-debug@1.5.1 with /tmp/.mount_arduinJazuow/resources/app/lib/backend/plugin-vscode-init)
2026-08-19 16:24:04 2026-08-19T10:54:04.550Z root INFO [hosted-plugin: 85049] Debugger contribution has been registered: cortex-debug
2026-08-19 16:24:04 2026-08-19T10:54:04.555Z root INFO [hosted-plugin: 85049] PLUGIN_HOST(85049): initializing(vscode-arduino-tools@0.1.3 with /tmp/.mount_arduinJazuow/resources/app/lib/backend/plugin-vscode-init)
2026-08-19 16:24:04 2026-08-19T10:54:04.557Z root INFO [hosted-plugin: 85049] PLUGIN_HOST(85049): initializing(cpp@1.88.1 with /tmp/.mount_arduinJazuow/resources/app/lib/backend/plugin-vscode-init)
2026-08-19 16:24:04 2026-08-19T10:54:04.558Z root INFO [hosted-plugin: 85049] PLUGIN_HOST(85049): initializing(json@1.88.1 with /tmp/.mount_arduinJazuow/resources/app/lib/backend/plugin-vscode-init)
2026-08-19 16:24:04 2026-08-19T10:54:04.563Z root INFO [hosted-plugin: 85049] PLUGIN_HOST(85049): initializing(vscode-language-pack-bg@1.48.3 with /tmp/.mount_arduinJazuow/resources/app/lib/backend/plugin-vscode-init)
2026-08-19 16:24:04 2026-08-19T10:54:04.565Z root INFO [hosted-plugin: 85049] PLUGIN_HOST(85049): initializing(vscode-language-pack-cs@1.96.0 with /tmp/.mount_arduinJazuow/resources/app/lib/backend/plugin-vscode-init)
2026-08-19 16:24:04 2026-08-19T10:54:04.566Z root INFO [hosted-plugin: 85049] PLUGIN_HOST(85049): initializing(vscode-language-pack-de@1.96.0 with /tmp/.mount_arduinJazuow/resources/app/lib/backend/plugin-vscode-init)
2026-08-19 16:24:04 2026-08-19T10:54:04.567Z root INFO [hosted-plugin: 85049] PLUGIN_HOST(85049): initializing(vscode-language-pack-es@1.96.0 with /tmp/.mount_arduinJazuow/resources/app/lib/backend/plugin-vscode-init)
2026-08-19 16:24:04 2026-08-19T10:54:04.568Z root INFO [hosted-plugin: 85049] PLUGIN_HOST(85049): initializing(vscode-language-pack-fr@1.96.0 with /tmp/.mount_arduinJazuow/resources/app/lib/backend/plugin-vscode-init)
2026-08-19 16:24:04 2026-08-19T10:54:04.569Z root INFO [hosted-plugin: 85049] PLUGIN_HOST(85049): initializing(vscode-language-pack-hu@1.48.3 with /tmp/.mount_arduinJazuow/resources/app/lib/backend/plugin-vscode-init)
2026-08-19 16:24:04 2026-08-19T10:54:04.570Z root INFO [hosted-plugin: 85049] PLUGIN_HOST(85049): initializing(vscode-language-pack-it@1.96.0 with /tmp/.mount_arduinJazuow/resources/app/lib/backend/plugin-vscode-init)
2026-08-19 16:24:04 2026-08-19T10:54:04.570Z root INFO [hosted-plugin: 85049] PLUGIN_HOST(85049): initializing(vscode-language-pack-ja@1.96.0 with /tmp/.mount_arduinJazuow/resources/app/lib/backend/plugin-vscode-init)
2026-08-19 16:24:04 2026-08-19T10:54:04.571Z root INFO [hosted-plugin: 85049] PLUGIN_HOST(85049): initializing(vscode-language-pack-ko@1.96.0 with /tmp/.mount_arduinJazuow/resources/app/lib/backend/plugin-vscode-init)
2026-08-19 16:24:04 2026-08-19T10:54:04.571Z root INFO [hosted-plugin: 85049] PLUGIN_HOST(85049): initializing(vscode-language-pack-nl@1.48.3 with /tmp/.mount_arduinJazuow/resources/app/lib/backend/plugin-vscode-init)
2026-08-19 16:24:04 2026-08-19T10:54:04.571Z root INFO [hosted-plugin: 85049] PLUGIN_HOST(85049): initializing(vscode-language-pack-pl@1.96.0 with /tmp/.mount_arduinJazuow/resources/app/lib/backend/plugin-vscode-init)
2026-08-19 16:24:04 2026-08-19T10:54:04.572Z root INFO [hosted-plugin: 85049] PLUGIN_HOST(85049): initializing(vscode-language-pack-pt-BR@1.96.0 with /tmp/.mount_arduinJazuow/resources/app/lib/backend/plugin-vscode-init)
2026-08-19 16:24:04 2026-08-19T10:54:04.572Z root INFO [hosted-plugin: 85049] PLUGIN_HOST(85049): initializing(vscode-language-pack-ru@1.96.0 with /tmp/.mount_arduinJazuow/resources/app/lib/backend/plugin-vscode-init)
2026-08-19 16:24:04 2026-08-19T10:54:04.572Z root INFO [hosted-plugin: 85049] PLUGIN_HOST(85049): initializing(vscode-language-pack-tr@1.96.0 with /tmp/.mount_arduinJazuow/resources/app/lib/backend/plugin-vscode-init)
2026-08-19 16:24:04 2026-08-19T10:54:04.573Z root INFO [hosted-plugin: 85049] PLUGIN_HOST(85049): initializing(vscode-language-pack-uk@1.48.3 with /tmp/.mount_arduinJazuow/resources/app/lib/backend/plugin-vscode-init)
2026-08-19 16:24:04 2026-08-19T10:54:04.573Z root INFO [hosted-plugin: 85049] PLUGIN_HOST(85049): initializing(vscode-language-pack-zh-hans@1.96.0 with /tmp/.mount_arduinJazuow/resources/app/lib/backend/plugin-vscode-init)
2026-08-19 16:24:04 2026-08-19T10:54:04.573Z root INFO [hosted-plugin: 85049] PLUGIN_HOST(85049): initializing(vscode-language-pack-zh-hant@1.96.0 with /tmp/.mount_arduinJazuow/resources/app/lib/backend/plugin-vscode-init)
2026-08-19 16:24:04 2026-08-19T10:54:04.583Z root INFO [hosted-plugin: 85049] PLUGIN_HOST(85049): PluginManagerExtImpl/loadPlugin(/tmp/.mount_arduinJazuow/resources/app/plugins/vscode-builtin-json-language-features/extension/client/dist/node/jsonClientMain)
2026-08-19 16:24:04 2026-08-19T10:54:04.639Z root INFO [hosted-plugin: 85049] PLUGIN_HOST(85049): PluginManagerExtImpl/loadPlugin(/tmp/.mount_arduinJazuow/resources/app/plugins/vscode-arduino-tools/extension/dist/extension.js)
2026-08-19 16:24:04 2026-08-19T10:54:04.662Z root INFO [hosted-plugin: 85049] PLUGIN_HOST(85049): PluginManagerExtImpl/loadPlugin(/tmp/.mount_arduinJazuow/resources/app/plugins/vscode-arduino-api/extension/dist/extension.js)
2026-08-19 16:24:04 2026-08-19T10:54:04.666Z root INFO [hosted-plugin: 85049] calling activation function on VS Code Arduino Tools
calling activation function on Arduino IDE API for VS Code extensions
2026-08-19 16:24:04 2026-08-19T10:54:04.723Z root INFO [a045cfdc-9e94-48dc-bb9f-d185195c342b] Starting plugins.
2026-08-19 16:24:04 2026-08-19T10:54:04.753Z root INFO [hosted-plugin: 85049] PLUGIN_HOST(85049): PluginManagerExtImpl/loadPlugin(/tmp/.mount_arduinJazuow/resources/app/plugins/cortex-debug/extension/dist/extension.js)
2026-08-19 16:24:04 2026-08-19T10:54:04.786Z root INFO [hosted-plugin: 85049] Debug configuration provider has been registered: cortex-debug, trigger: 1
2026-08-19 16:24:04 2026-08-19T10:54:04.786Z root INFO [hosted-plugin: 85049] calling activation function on Cortex-Debug
2026-08-19 16:24:04 2026-08-19T10:54:04.788Z root INFO [hosted-plugin: 85049] GDB server console created
2026-08-19 16:24:04 2026-08-19T10:54:04.793Z root INFO [a045cfdc-9e94-48dc-bb9f-d185195c342b] Start of 23 plugins: 648.6 ms [Finished 4.853 s after frontend start]
2026-08-19 16:24:04 2026-08-19T10:54:04.869Z root INFO [hosted-plugin: 85049] calling activation function on JSON Language Features (built-in)
2026-08-19 16:24:05 2026-08-19T10:54:05.214Z root INFO Frontend application start: 2988.4 ms [Finished 6.051 s after backend start]
2026-08-19 16:24:05 Checking for update
2026-08-19 16:24:05 2026-08-19T10:54:05.236Z root INFO Replace loading indicator with ready workbench UI (animation): 838.6 ms [Finished 5.042 s after frontend start]
2026-08-19 16:24:05 2026-08-19T10:54:05.236Z root INFO Changed application state from 'initialized_layout' to 'ready'.
2026-08-19 16:24:05 2026-08-19T10:54:05.236Z root WARN Linked preference "workbench.colorCustomizations" not found.
2026-08-19 16:24:05 2026-08-19T10:54:05.404Z root INFO core-client-provider [library-index] Downloading index: library_index.tar.bz2

2026-08-19 16:24:05 2026-08-19T10:54:05.405Z root INFO core-client-provider [platform-index] Downloading index: package_index.tar.bz2

2026-08-19 16:24:05 2026-08-19T10:54:05.408Z daemon INFO time="2026-08-19T16:24:05+05:30" level=info msg="Updating index" url="https://downloads.arduino.cc/packages/package_index.tar.bz2"
time="2026-08-19T16:24:05+05:30" level=info msg="Starting download" url="https://downloads.arduino.cc/libraries/library_index.tar.bz2"
time="2026-08-19T16:24:05+05:30" level=info msg="Starting download" url="https://downloads.arduino.cc/packages/package_index.tar.bz2"
2026-08-19 16:24:05 2026-08-19T10:54:05.493Z daemon INFO time="2026-08-19T16:24:05+05:30" level=info msg="Tool required for debug" tool="arduino:arduinoOTA@1.3.0"
time="2026-08-19T16:24:05+05:30" level=info msg="Tool required for debug" tool="arduino:avr-gcc@7.3.0-atmel3.6.1-arduino7"
time="2026-08-19T16:24:05+05:30" level=info msg="Tool required for debug" tool="arduino:avrdude@8.0.0-arduino1"
2026-08-19 16:24:05 2026-08-19T10:54:05.493Z daemon INFO time="2026-08-19T16:24:05+05:30" level=info msg="Tool required for debug" tool="builtin:ctags@5.8-arduino11"
time="2026-08-19T16:24:05+05:30" level=info msg="Tool required for debug" tool="builtin:dfu-discovery@0.1.2"
time="2026-08-19T16:24:05+05:30" level=info msg="Tool required for debug" tool="builtin:mdns-discovery@1.1.0"
time="2026-08-19T16:24:05+05:30" level=info msg="Tool required for debug" tool="builtin:serial-discovery@1.5.2"
time="2026-08-19T16:24:05+05:30" level=info msg="Tool required for debug" tool="builtin:serial-monitor@0.15.0"
2026-08-19 16:24:05 2026-08-19T10:54:05.494Z root ERROR Failed to get debug config: arduino:avr:uno, undefined Error: Debugging is not supported.
    at Object.callback (/tmp/.mount_arduinJazuow/resources/app/lib/backend/main.js:2:4762207)
    at Object.onReceiveStatus (/tmp/.mount_arduinJazuow/resources/app/lib/backend/main.js:2:3797922)
    at Object.onReceiveStatus (/tmp/.mount_arduinJazuow/resources/app/lib/backend/main.js:2:2231748)
    at Object.onReceiveStatus (/tmp/.mount_arduinJazuow/resources/app/lib/backend/main.js:2:2231193)
    at /tmp/.mount_arduinJazuow/resources/app/lib/backend/main.js:2:4368024
    at process.processTicksAndRejections (node:internal/process/task_queues:77:11)
2026-08-19 16:24:05 2026-08-19T10:54:05.503Z root INFO Starting language server: arduino:avr:uno
2026-08-19 16:24:05 2026-08-19T10:54:05.770Z root ERROR ---- !!!SLOW!!! DURATION: search took 533.440 ms. Args: [{"type":"Updatable"}] ----
2026-08-19 16:24:06 Update for version 2.3.10 is not available (latest version: 2.3.10, downgrade is allowed).
2026-08-19 16:24:08 2026-08-19T10:54:08.977Z root ERROR ---- !!!SLOW!!! DURATION: search took 414.351 ms. Args: [{"query":"","type":"All","topic":"All"}] ----
2026-08-19 16:24:11 2026-08-19T10:54:11.197Z root ERROR ---- !!!SLOW!!! DURATION: search took 469.665 ms. Args: [{"query":"p","type":"All","topic":"All"}] ----
2026-08-19 16:24:11 2026-08-19T10:54:11.966Z root ERROR ---- !!!SLOW!!! DURATION: search took 187.694 ms. Args: [{"query":"pcf","type":"All","topic":"All"}] ----
2026-08-19 16:24:44 isTempSketch: false. Input was /home/raj/Arduino/sketch_aug14b
2026-08-19 16:24:44 Marking workspace as a closed sketch. Workspace URI: file:///home/raj/Arduino/sketch_aug14b. Date: 1787136884154.
2026-08-19 16:24:44 isTempSketch: false. Input was /home/raj/Arduino/sketch_aug14b
2026-08-19 16:24:44 Marking workspace as a closed sketch. Workspace URI: file:///home/raj/Arduino/sketch_aug14b. Date: 1787136884161.
2026-08-19 16:24:44 2026-08-19T10:54:44.173Z root INFO socked closed
2026-08-19 16:24:44 2026-08-19T10:54:44.173Z root INFO closing connection for 1
2026-08-19 16:24:44 2026-08-19T10:54:44.173Z root INFO Closing channel on service path '/localization-server'.
2026-08-19 16:24:44 2026-08-19T10:54:44.174Z root INFO Closing channel on service path '/os'.
2026-08-19 16:24:44 2026-08-19T10:54:44.174Z root INFO Closing channel on service path '/services/commands'.
2026-08-19 16:24:44 2026-08-19T10:54:44.174Z root INFO Closing channel on service path '/services/keyboard'.
2026-08-19 16:24:44 2026-08-19T10:54:44.174Z root INFO Closing channel on service path '/services/logger'.
2026-08-19 16:24:44 2026-08-19T10:54:44.174Z root INFO Closing channel on service path '/services/messageService'.
2026-08-19 16:24:44 2026-08-19T10:54:44.174Z root INFO Closing channel on service path '/services/ChannelCloseService'.
2026-08-19 16:24:44 2026-08-19T10:54:44.174Z root INFO Closing channel on service path '/services/remote-filesystem'.
2026-08-19 16:24:44 2026-08-19T10:54:44.174Z root INFO Closing channel on service path '/services/envs'.
2026-08-19 16:24:44 2026-08-19T10:54:44.174Z root INFO Closing channel on service path '/services/authentication-service'.
2026-08-19 16:24:44 2026-08-19T10:54:44.174Z root INFO Closing channel on service path '/services/sketches-service'.
2026-08-19 16:24:44 2026-08-19T10:54:44.174Z root INFO Closing channel on service path '/services/config-service'.
2026-08-19 16:24:44 2026-08-19T10:54:44.174Z root INFO Closing channel on service path '/services/workspace'.
2026-08-19 16:24:44 2026-08-19T10:54:44.174Z root INFO Closing channel on service path '/services/notification-service'.
2026-08-19 16:24:44 2026-08-19T10:54:44.174Z root INFO Closing channel on service path '/services/arduino-daemon'.
2026-08-19 16:24:44 2026-08-19T10:54:44.174Z root INFO Closing channel on service path '/services/stopwatch'.
2026-08-19 16:24:44 2026-08-19T10:54:44.174Z root INFO Closing channel on service path '/services/application'.
2026-08-19 16:24:44 2026-08-19T10:54:44.174Z root INFO Closing channel on service path '/services/i18n'.
2026-08-19 16:24:44 2026-08-19T10:54:44.174Z root INFO Closing channel on service path '/services/quickInput'.
2026-08-19 16:24:44 2026-08-19T10:54:44.174Z root INFO Closing channel on service path '/services/debug'.
2026-08-19 16:24:44 2026-08-19T10:54:44.174Z root INFO Closing channel on service path '/services/shell-terminal'.
2026-08-19 16:24:44 2026-08-19T10:54:44.174Z root INFO Closing channel on service path '/services/quickPick'.
2026-08-19 16:24:44 2026-08-19T10:54:44.174Z root INFO Closing channel on service path '/services/task'.
2026-08-19 16:24:44 2026-08-19T10:54:44.174Z root INFO Closing channel on service path '/services/search'.
2026-08-19 16:24:44 2026-08-19T10:54:44.174Z root INFO Closing channel on service path '/services/hostedPlugin'.
2026-08-19 16:24:44 2026-08-19T10:54:44.174Z root INFO Closing channel on service path '/services/plugin-ext'.
2026-08-19 16:24:44 2026-08-19T10:54:44.174Z root INFO Closing channel on service path '/services/plugin-paths'.
2026-08-19 16:24:44 2026-08-19T10:54:44.174Z root INFO Closing channel on service path '/services/cli-preferences'.
2026-08-19 16:24:44 2026-08-19T10:54:44.174Z root INFO Closing channel on service path '/services/boards-service'.
2026-08-19 16:24:44 2026-08-19T10:54:44.174Z root INFO Closing channel on service path '/services/response-service'.
2026-08-19 16:24:44 2026-08-19T10:54:44.174Z root INFO Closing channel on service path '/services/file-system-ext'.
2026-08-19 16:24:44 2026-08-19T10:54:44.174Z root INFO Closing channel on service path '/services/core-service'.
2026-08-19 16:24:44 2026-08-19T10:54:44.174Z root INFO Closing channel on service path '/services/example-service'.
2026-08-19 16:24:44 2026-08-19T10:54:44.174Z root INFO Closing channel on service path '/services/library-service'.
2026-08-19 16:24:44 2026-08-19T10:54:44.174Z root INFO Closing channel on service path '/services/executable-service'.
2026-08-19 16:24:44 2026-08-19T10:54:44.174Z root INFO Closing channel on service path '/services/arduino-firmware-uploader'.
2026-08-19 16:24:44 2026-08-19T10:54:44.174Z root INFO Closing channel on service path '/services/formatter'.
2026-08-19 16:24:44 2026-08-19T10:54:44.175Z root INFO Closing channel on service path '/services/search-in-workspace'.
2026-08-19 16:24:44 2026-08-19T10:54:44.175Z root INFO Closing channel on service path '/services/request-service'.
2026-08-19 16:24:44 2026-08-19T10:54:44.175Z root INFO Closing channel on service path '/services/keyStore'.
2026-08-19 16:24:44 2026-08-19T10:54:44.175Z root INFO Closing channel on service path '/services/languagePackService'.
2026-08-19 16:24:44 Closing channel on service path '/services/electron-window'.
2026-08-19 16:24:44 Closing channel on service path '/services/ide-updater'.
2026-08-19 16:24:44 Storing the sketch as a workspace root: </home/raj/Arduino/sketch_aug14b>.
2026-08-19 16:24:44 Skipped storing sketch as workspace root. Already visited: </home/raj/Arduino/sketch_aug14b>.
2026-08-19 16:24:44 Stored workspaces roots: /home/raj/Arduino/sketch_aug14b
2026-08-19 16:24:44 No sketches were scheduled for deletion.
